// Jest Snapshot v1, https://goo.gl/fbAQLP

exports[`Login Form Component renders correctly 1`] = `ShallowWrapper {}`;
